// Jest Snapshot v1, https://goo.gl/fbAQLP

exports[`<List /> should render default view correctly 1`] = `
<List
  ListType="ul"
  borderSeparator={false}
  className="List-sc-1vl3e8v-0 dlVbaL"
  inheritedStyles=""
  inline={false}
  nested={false}
  noDefaultView={false}
  noMargin={false}
>
  <li>
    This is list item
  </li>
  <li>
    This is list item
  </li>
</List>
`;
