// Jest Snapshot v1, https://goo.gl/fbAQLP

exports[`<DateSelector /> should render correctly 1`] = `
<div
  className="date-selector"
>
  <Label
    className=""
    elementLocator=""
    htmlFor="date-selector-day"
  >
    Date
  </Label>
  <Select
    className="date date-selector"
    id="date-selector-day"
    name="day"
    onChange={[Function]}
    options={
      Array [
        17,
        18,
        19,
        20,
        21,
        22,
        23,
        24,
        25,
        26,
        27,
        28,
        29,
        30,
        31,
      ]
    }
    selectedOption={17}
  />
  <Label
    className=""
    elementLocator=""
    htmlFor="date-selector-month"
  >
    Month
  </Label>
  <Select
    className="month date-selector"
    id="date-selector-month"
    name="month"
    onChange={[Function]}
    options={Array []}
  />
  <Label
    className=""
    elementLocator=""
    htmlFor="date-selector-year"
  >
    Year
  </Label>
  <Select
    className="year date-selector"
    id="date-selector-year"
    name="year"
    onChange={[Function]}
    options={
      Array [
        2019,
        2020,
        2021,
        2022,
        2023,
        2024,
        2025,
        2026,
        2027,
        2028,
        2029,
        2030,
        2031,
        2032,
        2033,
        2034,
        2035,
        2036,
        2037,
        2038,
        2039,
        2040,
        2041,
        2042,
        2043,
        2044,
        2045,
        2046,
        2047,
        2048,
        2049,
        2050,
        2051,
        2052,
        2053,
        2054,
        2055,
        2056,
        2057,
        2058,
        2059,
        2060,
        2061,
        2062,
        2063,
        2064,
        2065,
        2066,
        2067,
        2068,
        2069,
      ]
    }
    selectedOption={2019}
  />
</div>
`;
