// Jest Snapshot v1, https://goo.gl/fbAQLP

exports[`<Blockquote /> should render correctly 1`] = `
<blockquote
  className="blockquote"
>
  <Para__StyledPara
    className="content"
  >
    Ask forgiveness, not permission.
  </Para__StyledPara>
  <footer
    className="author"
  >
    - Rear Admiral Grace Murray Hopper
  </footer>
</blockquote>
`;
