// Jest Snapshot v1, https://goo.gl/fbAQLP

exports[`FieldCheckbox Component should render correctly 1`] = `
<StyledComponent
  forwardedComponent={
    Object {
      "$$typeof": Symbol(react.forward_ref),
      "attrs": Array [],
      "componentStyle": ComponentStyle {
        "componentId": "FieldCheckbox-sc-1ia5ini-0",
        "isStatic": false,
        "rules": Array [
          "margin-bottom:1rem;",
          ";",
        ],
      },
      "displayName": "FieldCheckbox",
      "foldedComponentIds": Array [],
      "render": [Function],
      "styledComponentId": "FieldCheckbox-sc-1ia5ini-0",
      "target": [Function],
      "toString": [Function],
      "warnTooManyClasses": [Function],
      "withComponent": [Function],
    }
  }
  forwardedRef={null}
/>
`;
