// Jest Snapshot v1, https://goo.gl/fbAQLP

exports[`<SearchInput /> should render correctly 1`] = `
<StyledComponent
  forwardedComponent={
    Object {
      "$$typeof": Symbol(react.forward_ref),
      "attrs": Array [],
      "componentStyle": ComponentStyle {
        "componentId": "SearchInput-sc-6c1zjb-0",
        "isStatic": false,
        "rules": Array [
          "display:flex;",
          [Function],
          ";.search__speech-btn{",
          [Function],
          ";}.search__search-btn{",
          [Function],
          ";}",
          ";",
        ],
      },
      "displayName": "SearchInput",
      "foldedComponentIds": Array [],
      "render": [Function],
      "styledComponentId": "SearchInput-sc-6c1zjb-0",
      "target": [Function],
      "toString": [Function],
      "warnTooManyClasses": [Function],
      "withComponent": [Function],
    }
  }
  forwardedRef={null}
>
  Test
</StyledComponent>
`;
