// Jest Snapshot v1, https://goo.gl/fbAQLP

exports[`<Tabs /> should render correctly 1`] = `
<Tabs
  className="example Tabs-sc-1trpncn-0 ipJech"
  inheritedStyles=""
  initialSelectedIndex={0}
  isVerticalView={false}
  panelWrapClassName=""
  tabWrapClassName=""
  tabsContent={
    Array [
      Object {
        "panelContent": <List
          ListType="ol"
        >
          <li>
            This is ordered list item, content of tab 1.
          </li>
          <li>
            This is ordered list item, content of tab 1.
          </li>
        </List>,
        "tabTitle": "First tab",
      },
      Object {
        "panelContent": <List
          ListType="ul"
        >
          <li>
            This is unordered list item, content of tab 2.
          </li>
          <li>
            This is unordered list item, content of tab 2.
          </li>
        </List>,
        "tabTitle": "Second tab",
      },
    ]
  }
  tabsId="default-tab"
/>
`;
