// Jest Snapshot v1, https://goo.gl/fbAQLP

exports[`<Accordion /> should render correctly 1`] = `
<Accordion
  accordionHeader="Accordion Header"
  accordionPanelContent="Panel Content"
  className="accordion"
>
  <StyledComponent
    accordionHeader="Accordion Header"
    accordionPanelContent="Panel Content"
    className="accordion"
    forwardedComponent={
      Object {
        "$$typeof": Symbol(react.forward_ref),
        "attrs": Array [],
        "componentStyle": ComponentStyle {
          "componentId": "Accordion-vybsad-0",
          "isStatic": false,
          "lastClassName": "bbzLKL",
          "rules": Array [
            [Function],
            ";details{width:100%;padding:10px;background-color:#eee;summary{cursor:pointer;padding:20px 0;}.accordion-panel-content{display:none;transition:0.4s;}&:hover,&:active,&[open],&.active{background-color:#ccc;}&[open],&.active{.accordion-panel-content{display:block;}}}",
            ";",
          ],
        },
        "displayName": "Accordion",
        "foldedComponentIds": Array [],
        "panel": [Function],
        "render": [Function],
        "styledComponentId": "Accordion-vybsad-0",
        "target": [Function],
        "toString": [Function],
        "warnTooManyClasses": [Function],
        "withComponent": [Function],
      }
    }
    forwardedRef={null}
  >
    <Accordion
      accordionHeader="Accordion Header"
      accordionPanelContent="Panel Content"
      className="Accordion-vybsad-0 bbzLKL accordion"
    >
      <div
        className="Accordion-vybsad-0 bbzLKL accordion"
      >
        <AccordionPanel
          className="panel"
        >
          <details
            className="accordion-panel "
            onClick={[Function]}
            onKeyPress={[Function]}
            role="button"
          >
            <AccordionHeader
              ariaLabelAttr="aria-label"
              className="accordion-header"
              key=".0"
            >
              <summary
                aria-expanded={false}
                aria-label="aria-label"
                className="accordion-header"
                onClick={[Function]}
                onKeyPress={[Function]}
                role="button"
                tabIndex="0"
              >
                Accordion Header
              </summary>
            </AccordionHeader>
            <p
              key=".1"
            >
              Panel Content
            </p>
          </details>
        </AccordionPanel>
      </div>
    </Accordion>
  </StyledComponent>
</Accordion>
`;
