// Jest Snapshot v1, https://goo.gl/fbAQLP

exports[`<Tooltip /> should render correctly with button 1`] = `
<div
  role="presentation"
>
  <Button
    ariaLabel=""
    className="trigger-tooltip"
    disabled={false}
    elementLocator=""
    inheritedStyles=""
    onClick={[Function]}
    primary={false}
    secondary={false}
    type="button"
  >
    ToolTip
  </Button>
</div>
`;

exports[`<Tooltip /> should render correctly with button 2`] = `
<div
  role="presentation"
>
  <Anchor
    as=""
    className=""
    elementLocator=""
    forceClick={false}
    handleLinkClick={[Function]}
    href="javascript:void(0);"
    inheritedStyles=""
    onClick={[Function]}
    scroll={false}
    shallow={false}
    target=""
  >
    ToolTip Link
  </Anchor>
</div>
`;
