// Jest Snapshot v1, https://goo.gl/fbAQLP

exports[`FieldSelect should render correctly 1`] = `
<StyledComponent
  forwardedComponent={
    Object {
      "$$typeof": Symbol(react.forward_ref),
      "attrs": Array [],
      "componentStyle": ComponentStyle {
        "componentId": "FieldSelect-sc-1fkkiga-0",
        "isStatic": false,
        "rules": Array [
          "margin-bottom:1rem;label{display:block;margin-bottom:0.25rem;}",
          ";",
        ],
      },
      "displayName": "FieldSelect",
      "foldedComponentIds": Array [],
      "render": [Function],
      "styledComponentId": "FieldSelect-sc-1fkkiga-0",
      "target": [Function],
      "toString": [Function],
      "warnTooManyClasses": [Function],
      "withComponent": [Function],
    }
  }
  forwardedRef={null}
/>
`;
