// Jest Snapshot v1, https://goo.gl/fbAQLP

exports[`Test Suite 1: Check for component and it's child rendered correctly. should render wrapper correctly for snapshot matching. 1`] = `
<div>
  <div
    className="cookie-disclaimer"
    role="alert"
  >
    <Button
      aria-label="close Cookie Disclaimer"
      onClick={[Function]}
      tertiary={true}
    >
      <Icon
        title="close icon"
      >
        <ReactComponent />
      </Icon>
    </Button>
    <div />
    <ul>
      <li>
        <Button
          onClick={[Function]}
          primary={true}
        >
          Accept & Continue
        </Button>
      </li>
      <li>
        <Button
          onClick={[Function]}
          tertiary={true}
        >
          Decline
        </Button>
      </li>
    </ul>
  </div>
</div>
`;
