// Jest Snapshot v1, https://goo.gl/fbAQLP

exports[`<Skeleton /> should render correctly 1`] = `
<Skeleton>
  <StyledComponent
    forwardedComponent={
      Object {
        "$$typeof": Symbol(react.forward_ref),
        "attrs": Array [],
        "circle": [Function],
        "componentStyle": ComponentStyle {
          "componentId": "Skeleton-sc-1oak7zh-0",
          "isStatic": false,
          "lastClassName": "kAdMpY",
          "rules": Array [
            "@keyframes pulse{0%{background-position:0% 0%;}100%{background-position:-135% 0%;}}div{display:inline-block;background:linear-gradient(-90deg,#ededed 0%,#e1e1e1 50%,#ededed 100%);background-size:400% 400%;animation:pulse 1.2s ease-in-out infinite;&.skeletalLine{border-radius:5px;height:",
            [Function],
            ";width:",
            [Function],
            ";margin:",
            [Function],
            ";}&.skeletalCircle{border-radius:",
            [Function],
            ";height:",
            [Function],
            ";width:",
            [Function],
            ";margin:",
            [Function],
            ";}}",
            [Function],
            ";",
            ";",
          ],
        },
        "displayName": "Skeleton",
        "foldedComponentIds": Array [],
        "line": [Function],
        "render": [Function],
        "styledComponentId": "Skeleton-sc-1oak7zh-0",
        "target": [Function],
        "toString": [Function],
        "warnTooManyClasses": [Function],
        "withComponent": [Function],
      }
    }
    forwardedRef={null}
  >
    <Skeleton
      className="Skeleton-sc-1oak7zh-0 kAdMpY"
    >
      <div
        className="skeleton Skeleton-sc-1oak7zh-0 kAdMpY"
      >
        <Line
          lineGutter="5px"
          lineHeight="20px"
          lineWidth="100%"
        >
          <div
            className="skeletalLine"
            skeletalLineGutter="5px"
            skeletalLineHeight="20px"
            skeletalLineWidth="100%"
          />
        </Line>
        <Circle
          circleGutter="5px"
          circleRadius="30px"
          circleWidth="100px"
        >
          <div
            className="skeletalCircle"
            skeletalCircleGutter="5px"
            skeletalCircleRadius="30px"
            skeletalCircleWidth="100px"
          />
        </Circle>
      </div>
    </Skeleton>
  </StyledComponent>
</Skeleton>
`;
