// Jest Snapshot v1, https://goo.gl/fbAQLP

exports[`<HeroBanner /> should render correctly 1`] = `
<section
  className="hero stacked"
>
  <header
    className="wrap"
    role="banner"
  >
    <div
      className="media-wrap"
    >
      <Image__StyledImage
        alt="Dummy Image"
        placeholderSrc="/images/image-placeholder.png"
        src="/images/bg.jpg"
      />
    </div>
  </header>
</section>
`;
