// Jest Snapshot v1, https://goo.gl/fbAQLP

exports[`<Pagination /> should render correctly 1`] = `
<nav
  className=""
>
  <ul
    className="pagination"
  >
    <li
      className="first"
    >
      <a
        onClick={[Function]}
      >
        First
      </a>
    </li>
    <li
      className="previous"
    >
      <a
        onClick={[Function]}
      >
        Previou
      </a>
    </li>
    <li
      className="disabled next"
    >
      <a
        onClick={[Function]}
      >
        Next
      </a>
    </li>
    <li
      className="last"
    >
      <a
        onClick={[Function]}
      >
        Last
      </a>
    </li>
  </ul>
</nav>
`;
