// Jest Snapshot v1, https://goo.gl/fbAQLP

exports[`<Table /> should render correctly 1`] = `
<StyledComponent
  data={
    Array [
      Object {
        "ClientName": "US Bank",
        "Payer": "test",
        "value": "v1",
      },
      Object {
        "ClientName": "Test Client",
        "Payer": "test2",
        "value": "v2",
      },
    ]
  }
  forwardedComponent={
    Object {
      "$$typeof": Symbol(react.forward_ref),
      "attrs": Array [],
      "componentStyle": ComponentStyle {
        "componentId": "Table-sc-1ho1shi-0",
        "isStatic": false,
        "rules": Array [
          "border-spacing:0;border:1px solid black;tr{:last-child{td{border-bottom:0;}}}th,td{margin:0;padding:0.5rem;border-bottom:1px solid black;border-right:1px solid black;:last-child{border-right:0;}}",
          [Function],
          ";",
          ";",
        ],
      },
      "displayName": "Table",
      "foldedComponentIds": Array [],
      "render": [Function],
      "styledComponentId": "Table-sc-1ho1shi-0",
      "target": [Function],
      "toString": [Function],
      "usesTheme": false,
      "warnTooManyClasses": [Function],
      "withComponent": [Function],
    }
  }
  forwardedRef={null}
>
  Test
</StyledComponent>
`;
