// Jest Snapshot v1, https://goo.gl/fbAQLP

exports[`<Pagination /> should render correctly 1`] = `
<Fragment>
  <nav
    arial-label=""
    className=""
  >
    <ul
      className="pagination"
    >
      <li
        className="first"
      >
        <Button
          aria-label=""
          className="btn-first"
          disabled={false}
          onClick={[Function]}
        >
          First
        </Button>
      </li>
      <PaginationList
        currentPageAria=""
        disabledFirstNdPrevious={false}
        disabledNextAndLast={false}
        executePagination={[Function]}
        handleBackwardClick={[Function]}
        handleForwardClick={[Function]}
        nextButtonAria=""
        nextLabel="Next"
        pageNumbers={Array []}
        previousButtonAria=""
        previousLabel="Previous"
      />
      <li
        className="last"
      >
        <Button
          aria-label=""
          disabled={false}
          onClick={[Function]}
        >
          Last
        </Button>
      </li>
    </ul>
  </nav>
</Fragment>
`;
