// Jest Snapshot v1, https://goo.gl/fbAQLP

exports[`FieldInput Component should render correctly 1`] = `
<div
  className=""
>
  <FormikConnect(FieldInner)
    render={[Function]}
    type="file"
  />
  <Button
    onClick={[Function]}
    tertiary={true}
    type="button"
  >
    Choose file(s)
  </Button>
  <Button
    primary={true}
    type="button"
  >
    Upload...
  </Button>
</div>
`;
